# serializer version: 1
# name: test_all_disabled_parkings
  list([
    DisabledParking(
      address='Nathorstvägen 21',
      coordinates=list([
        list([
          18.089936,
          59.296964,
        ]),
        list([
          18.089853,
          59.297003,
        ]),
      ]),
      district='Hammarbyhöjden',
      location_id=6205721,
      location_type='Reserverad p-plats rörelsehindrad',
      number=1,
      parking_rate='taxa 4: 10 kr/tim vardagar 7-19, dag före helgdag 11-17, Boende: 500 kr/månad eller 35 kr/dygn',
      parking_rules='https://rdt.transportstyrelsen.se/rdt/AF06_View.aspx?BeslutsMyndighetKod=0180&BeslutadAr=2016&LopNr=02649',
      street='Nathorstvägen',
      valid_from=datetime.datetime(2016, 11, 6, 23, 0, tzinfo=datetime.timezone.utc),
      valid_to=None,
    ),
    DisabledParking(
      address='Olaus Magnus Väg 44A',
      coordinates=list([
        list([
          18.093412,
          59.296867,
        ]),
        list([
          18.093512,
          59.296851,
        ]),
      ]),
      district='Hammarbyhöjden',
      location_id=6205722,
      location_type='Reserverad p-plats rörelsehindrad',
      number=1,
      parking_rate='taxa 4: 10 kr/tim vardagar 7-19, dag före helgdag 11-17, Boende: 500 kr/månad eller 35 kr/dygn',
      parking_rules='https://rdt.transportstyrelsen.se/rdt/AF06_View.aspx?BeslutsMyndighetKod=0180&BeslutadAr=2016&LopNr=02653',
      street='Olaus Magnus Väg',
      valid_from=datetime.datetime(2016, 11, 6, 23, 0, tzinfo=datetime.timezone.utc),
      valid_to=None,
    ),
    DisabledParking(
      address='Hoburgsstigen 5A - 7',
      coordinates=list([
        list([
          17.9792,
          59.340189,
        ]),
        list([
          17.979235,
          59.340195,
        ]),
        list([
          17.97924,
          59.340195,
        ]),
        list([
          17.979246,
          59.340195,
        ]),
        list([
          17.979344,
          59.3402,
        ]),
        list([
          17.979351,
          59.3402,
        ]),
        list([
          17.979357,
          59.340199,
        ]),
        list([
          17.979364,
          59.340199,
        ]),
        list([
          17.97937,
          59.340198,
        ]),
        list([
          17.979416,
          59.340188,
        ]),
      ]),
      district='Traneberg',
      location_id=6205723,
      location_type='Reserverad p-plats rörelsehindrad',
      number=1,
      parking_rate='taxa 4: 10 kr/tim vardagar 7-19, dag före helgdag 11-17, Boende: 500 kr/månad eller 35 kr/dygn',
      parking_rules='https://rdt.transportstyrelsen.se/rdt/AF06_View.aspx?BeslutsMyndighetKod=0180&BeslutadAr=2016&LopNr=02656',
      street='Hoburgsstigen',
      valid_from=datetime.datetime(2016, 9, 29, 22, 0, tzinfo=datetime.timezone.utc),
      valid_to=None,
    ),
    DisabledParking(
      address='Paternostervägen 52',
      coordinates=list([
        list([
          18.101559,
          59.291045,
        ]),
        list([
          18.101602,
          59.291034,
        ]),
        list([
          18.101655,
          59.291024,
        ]),
      ]),
      district='Hammarbyhöjden',
      location_id=6205724,
      location_type='Reserverad p-plats rörelsehindrad',
      number=1,
      parking_rate='taxa 4: 10 kr/tim vardagar 7-19, dag före helgdag 11-17, Boende: 500 kr/månad eller 35 kr/dygn',
      parking_rules='https://rdt.transportstyrelsen.se/rdt/AF06_View.aspx?BeslutsMyndighetKod=0180&BeslutadAr=2016&LopNr=02661',
      street='Paternostervägen',
      valid_from=datetime.datetime(2016, 11, 6, 23, 0, tzinfo=datetime.timezone.utc),
      valid_to=None,
    ),
    DisabledParking(
      address='Sandfjärdsgatan 26B',
      coordinates=list([
        list([
          18.047509,
          59.294253,
        ]),
        list([
          18.047589,
          59.294233,
        ]),
        list([
          18.047683,
          59.294209,
        ]),
      ]),
      district='Årsta',
      location_id=6205725,
      location_type='Reserverad p-plats rörelsehindrad',
      number=1,
      parking_rate='taxa 4: 10 kr/tim vardagar 7-19, dag före helgdag 11-17, Boende: 500 kr/månad eller 35 kr/dygn',
      parking_rules='https://rdt.transportstyrelsen.se/rdt/AF06_View.aspx?BeslutsMyndighetKod=0180&BeslutadAr=2016&LopNr=02819',
      street='Sandfjärdsgatan',
      valid_from=datetime.datetime(2016, 12, 14, 23, 0, tzinfo=datetime.timezone.utc),
      valid_to=None,
    ),
  ])
# ---
